// Jest Snapshot v1, https://goo.gl/fbAQLP

exports[`Login page renders correctly 1`] = `
<DocumentFragment>
  <div
    class="main"
  >
    <h1
      class="header"
    >
      Sign In
    </h1>
    <form
      class="form"
    >
      <div
        class="formInputs"
      >
        <div
          class="main"
        >
          <label
            class="label"
            for="email"
          >
            Email
          </label>
          <input
            class="input"
            id="email"
            name="password"
            placeholder="john.doe@gmail.com"
            type="email"
            value=""
          />
        </div>
        <div
          class="main"
        >
          <label
            class="label"
            for="password"
          >
            Password
          </label>
          <input
            class="input"
            id="password"
            name="password"
            type="password"
            value=""
          />
        </div>
      </div>
      <div
        class="message"
      />
      <button
        class="customButton "
        type="submit"
      >
        Sign In
      </button>
    </form>
    <div
      class="switchAuth"
    >
      <a
        href="/register"
      >
        <p>
          Don't have an account? Register now!
        </p>
      </a>
    </div>
  </div>
</DocumentFragment>
`;
